Archive Project report for pld_ex1
Wed Oct 18 00:20:05 2017
Quartus II Version 9.0 Build 132 02/25/2009 SJ Full Version


---------------------
; Table of Contents ;
---------------------
  1. Legal Notice
  2. Archive Project Summary
  3. Archive Project Messages
  4. Files Archived



----------------
; Legal Notice ;
----------------
Copyright (C) 1991-2009 Altera Corporation
Your use of Altera Corporation's design tools, logic functions 
and other software and tools, and its AMPP partner logic 
functions, and any output files from any of the foregoing 
(including device programming or simulation files), and any 
associated documentation or information are expressly subject 
to the terms and conditions of the Altera Program License 
Subscription Agreement, Altera MegaCore Function License 
Agreement, or other applicable license agreement, including, 
without limitation, that your use is for the sole purpose of 
programming logic devices manufactured by Altera and sold by 
Altera or its authorized distributors.  Please refer to the 
applicable agreement for further details.



+----------------------------------------------------------------+
; Archive Project Summary                                        ;
+------------------------+---------------------------------------+
; Archive Project Status ; Successful - Wed Oct 18 00:20:05 2017 ;
; Revision Name          ; pld_ex1                               ;
; Top-level Entity Name  ; pld_ex1                               ;
; Family                 ; MAX7000S                              ;
+------------------------+---------------------------------------+


+--------------------------+
; Archive Project Messages ;
+--------------------------+
Info: File Set 'Source control' contains:
    Info: Project source and settings files
    Info: Automatically detected source files
Info: ----------------------------------------------------------
Info: ----------------------------------------------------------
Info: Generated archive 'D:/Programs/FPGA/PLD/pld_ex1/pld_ex1_andordff.qar'
Info: ----------------------------------------------------------
Info: ----------------------------------------------------------
Info: Generated report 'pld_ex1.archive.rpt'
Info: Evaluation of Tcl script d:/altera/90/quartus/common/tcl/apps/qpm/qar.tcl was successful
Info: Quartus II Shell was successful. 0 errors, 0 warnings
    Info: Peak virtual memory: 168 megabytes
    Info: Processing ended: Wed Oct 18 00:20:05 2017
    Info: Elapsed time: 00:00:00
    Info: Total CPU time (on all processors): 00:00:00


+--------------------------------------------------+
; Files Archived                                   ;
+--------------------------------------------------+
; File Name                                        ;
+--------------------------------------------------+
; d:/altera/90/quartus/bin/assignment_defaults.qdf ;
; D:/Programs/FPGA/PLD/pld_ex1/pld_ex1.dpf         ;
; db/pld_ex1.sim.cvwf                              ;
; pld_ex1.bdf                                      ;
; pld_ex1.qpf                                      ;
; pld_ex1.qsf                                      ;
; pld_ex1.sim.cvwf                                 ;
; pld_ex1.vwf                                      ;
; pld_ex1_and3.sim.cvwf                            ;
; pld_ex1_or.vwf                                   ;
+--------------------------------------------------+


